# Android Device Setup - System Information Report

**Generated on:** Thu Dec 11 08:10:10 PM CET 2025
**Device:** HT36TW903516
**Report Type:** System Information

## Device Identification

- **Manufacturer:** HTC
- **Model:** One
- **Device Name:** m7
- **Serial Number:** HT36TW903516

## Android Version Information

- **Android Version:** 5.1
- **API Level:** 22
- **Build ID:** LRX22C.H3
- **Build Date:** dimanche 29 mars 2015, 13:41:38 (UTC+0400)

## System Information

- **Kernel Version:** 3.4.105-gb0909e7
- **System Uptime:** up time: 00:00:53, idle time: 00:01:05, sleep time: 00:00:00

## Storage Information

```
Filesystem               Size     Used     Free   Blksize
-h: No such file or directory
/data                   25.6G     3.0G    22.5G   4096
/sdcard                 25.6G     3.0G    22.5G   4096
```

## Memory Information

```
MemTotal:        1864208 kB
MemFree:         1466032 kB
Buffers:            4484 kB
Cached:           126360 kB
SwapCached:            0 kB
Active:           162620 kB
Inactive:         121472 kB
Active(anon):     155292 kB
Inactive(anon):     7180 kB
Active(file):       7328 kB
```

## Battery Information

```
Battery info unavailable
```

## Network Information

- **IP Address:** Not connected

**WiFi Status:**
```
WiFi info unavailable
```

## Running Processes (Top 10)

```
USER     PID   PPID  VSIZE  RSS     WCHAN    PC        NAME
root      1     0     832    572   ffffffff 00000000 S /init
root      2     0     0      0     ffffffff 00000000 S kthreadd
root      3     2     0      0     ffffffff 00000000 S ksoftirqd/0
root      4     2     0      0     ffffffff 00000000 S kworker/0:0
root      5     2     0      0     ffffffff 00000000 S kworker/0:0H
root      6     2     0      0     ffffffff 00000000 S kworker/u:0
root      7     2     0      0     ffffffff 00000000 S kworker/u:0H
root      8     2     0      0     ffffffff 00000000 S migration/0
root      9     2     0      0     ffffffff 00000000 S migration/1
root      10    2     0      0     ffffffff 00000000 S kworker/1:0
```

---
*Report generated by Android Device Setup - Report Generator*
